00000000 (0x00400800+0000): 10010a37
00000004 (0x00400800+0004): 10010fb7
00000008 (0x00400800+0008): 100f8f93
0000000c (0x00400800+000c): 00500093
00000010 (0x00400800+0010): 00a00113
00000014 (0x00400800+0014): 00208f33
00000018 (0x00400800+0018): 00f00e93
0000001c (0x00400800+001c): 01df4e33
00000020 (0x00400800+0020): 01cfa023
00000024 (0x00400800+0024): 00a00093
00000028 (0x00400800+0028): 00500113
0000002c (0x00400800+002c): 40208f33
00000030 (0x00400800+0030): 00500e93
00000034 (0x00400800+0034): 01df4e33
00000038 (0x00400800+0038): 01cfa223
0000003c (0x00400800+003c): 00100093
00000040 (0x00400800+0040): 01f00113
00000044 (0x00400800+0044): 00209f33
00000048 (0x00400800+0048): 80000eb7
0000004c (0x00400800+004c): 000e8e93
00000050 (0x00400800+0050): 01df4e33
00000054 (0x00400800+0054): 01cfa423
00000058 (0x00400800+0058): 800000b7
0000005c (0x00400800+005c): 00008093
00000060 (0x00400800+0060): 80000137
00000064 (0x00400800+0064): fff10113
00000068 (0x00400800+0068): 0020af33
0000006c (0x00400800+006c): 00100e93
00000070 (0x00400800+0070): 01df4e33
00000074 (0x00400800+0074): 01cfa623
00000078 (0x00400800+0078): 800000b7
0000007c (0x00400800+007c): 00008093
00000080 (0x00400800+0080): 80000137
00000084 (0x00400800+0084): fff10113
00000088 (0x00400800+0088): 0020bf33
0000008c (0x00400800+008c): 00000e93
00000090 (0x00400800+0090): 01df4e33
00000094 (0x00400800+0094): 01cfa823
00000098 (0x00400800+0098): aaaab0b7
0000009c (0x00400800+009c): aaa08093
000000a0 (0x00400800+00a0): fff00113
000000a4 (0x00400800+00a4): 0020cf33
000000a8 (0x00400800+00a8): 55555eb7
000000ac (0x00400800+00ac): 555e8e93
000000b0 (0x00400800+00b0): 01df4e33
000000b4 (0x00400800+00b4): 01cfaa23
000000b8 (0x00400800+00b8): 800000b7
000000bc (0x00400800+00bc): 00008093
000000c0 (0x00400800+00c0): 00400113
000000c4 (0x00400800+00c4): 0020df33
000000c8 (0x00400800+00c8): 08000eb7
000000cc (0x00400800+00cc): 000e8e93
000000d0 (0x00400800+00d0): 01df4e33
000000d4 (0x00400800+00d4): 01cfac23
000000d8 (0x00400800+00d8): fff00093
000000dc (0x00400800+00dc): 00500113
000000e0 (0x00400800+00e0): 4020df33
000000e4 (0x00400800+00e4): fff00e93
000000e8 (0x00400800+00e8): 01df4e33
000000ec (0x00400800+00ec): 01cfae23
000000f0 (0x00400800+00f0): f0f0f0b7
000000f4 (0x00400800+00f4): 0f008093
000000f8 (0x00400800+00f8): 0f0f1137
000000fc (0x00400800+00fc): f0f10113
00000100 (0x00400800+0100): 0020ef33
00000104 (0x00400800+0104): fff00e93
00000108 (0x00400800+0108): 01df4e33
0000010c (0x00400800+010c): 03cfa023
00000110 (0x00400800+0110): ff0100b7
00000114 (0x00400800+0114): f0008093
00000118 (0x00400800+0118): 0ff01137
0000011c (0x00400800+011c): ff010113
00000120 (0x00400800+0120): 0020ff33
00000124 (0x00400800+0124): 0f001eb7
00000128 (0x00400800+0128): f00e8e93
0000012c (0x00400800+012c): 01df4e33
00000130 (0x00400800+0130): 03cfa223
00000134 (0x00400800+0134): 06400093
00000138 (0x00400800+0138): fce08f13
0000013c (0x00400800+013c): 03200e93
00000140 (0x00400800+0140): 01df4e33
00000144 (0x00400800+0144): 03cfa423
00000148 (0x00400800+0148): ffb00093
0000014c (0x00400800+014c): 0000af13
00000150 (0x00400800+0150): 00100e93
00000154 (0x00400800+0154): 01df4e33
00000158 (0x00400800+0158): 03cfa623
0000015c (0x00400800+015c): 00500093
00000160 (0x00400800+0160): 00a0bf13
00000164 (0x00400800+0164): 00100e93
00000168 (0x00400800+0168): 01df4e33
0000016c (0x00400800+016c): 03cfa823
00000170 (0x00400800+0170): 0f0f10b7
00000174 (0x00400800+0174): f0f08093
00000178 (0x00400800+0178): fff0cf13
0000017c (0x00400800+017c): f0f0feb7
00000180 (0x00400800+0180): 0f0e8e93
00000184 (0x00400800+0184): 01df4e33
00000188 (0x00400800+0188): 03cfaa23
0000018c (0x00400800+018c): 000100b7
00000190 (0x00400800+0190): f0008093
00000194 (0x00400800+0194): 00f0ef13
00000198 (0x00400800+0198): 00010eb7
0000019c (0x00400800+019c): f0fe8e93
000001a0 (0x00400800+01a0): 01df4e33
000001a4 (0x00400800+01a4): 03cfac23
000001a8 (0x00400800+01a8): fff00093
000001ac (0x00400800+01ac): 00f0ff13
000001b0 (0x00400800+01b0): 00f00e93
000001b4 (0x00400800+01b4): 01df4e33
000001b8 (0x00400800+01b8): 03cfae23
000001bc (0x00400800+01bc): 00100093
000001c0 (0x00400800+01c0): 00a09f13
000001c4 (0x00400800+01c4): 40000e93
000001c8 (0x00400800+01c8): 01df4e33
000001cc (0x00400800+01cc): 05cfa023
000001d0 (0x00400800+01d0): 800000b7
000001d4 (0x00400800+01d4): 00008093
000001d8 (0x00400800+01d8): 0040df13
000001dc (0x00400800+01dc): 08000eb7
000001e0 (0x00400800+01e0): 000e8e93
000001e4 (0x00400800+01e4): 01df4e33
000001e8 (0x00400800+01e8): 05cfa223
000001ec (0x00400800+01ec): ff800093
000001f0 (0x00400800+01f0): 4020df13
000001f4 (0x00400800+01f4): ffe00e93
000001f8 (0x00400800+01f8): 01df4e33
000001fc (0x00400800+01fc): 05cfa423
00000200 (0x00400800+0200): deadc137
00000204 (0x00400800+0204): eef10113
00000208 (0x00400800+0208): 002a2023
0000020c (0x00400800+020c): 000a2f03
00000210 (0x00400800+0210): deadceb7
00000214 (0x00400800+0214): eefe8e93
00000218 (0x00400800+0218): 01df4e33
0000021c (0x00400800+021c): 05cfa623
00000220 (0x00400800+0220): abcd9137
00000224 (0x00400800+0224): 23410113
00000228 (0x00400800+0228): 002a2223
0000022c (0x00400800+022c): 004a1f03
00000230 (0x00400800+0230): ffff9eb7
00000234 (0x00400800+0234): 234e8e93
00000238 (0x00400800+0238): 01df4e33
0000023c (0x00400800+023c): 05cfa823
00000240 (0x00400800+0240): abcd8137
00000244 (0x00400800+0244): 00010113
00000248 (0x00400800+0248): 002a2423
0000024c (0x00400800+024c): 008a5f03
00000250 (0x00400800+0250): 00008eb7
00000254 (0x00400800+0254): 000e8e93
00000258 (0x00400800+0258): 01df4e33
0000025c (0x00400800+025c): 05cfaa23
00000260 (0x00400800+0260): aabbd137
00000264 (0x00400800+0264): cf110113
00000268 (0x00400800+0268): 002a2623
0000026c (0x00400800+026c): 00ca0f03
00000270 (0x00400800+0270): ff100e93
00000274 (0x00400800+0274): 01df4e33
00000278 (0x00400800+0278): 05cfac23
0000027c (0x00400800+027c): aabbd137
00000280 (0x00400800+0280): c7f10113
00000284 (0x00400800+0284): 002a2823
00000288 (0x00400800+0288): 010a4f03
0000028c (0x00400800+028c): 07f00e93
00000290 (0x00400800+0290): 01df4e33
00000294 (0x00400800+0294): 05cfae23
00000298 (0x00400800+0298): aabb8137
0000029c (0x00400800+029c): 0cc10113
000002a0 (0x00400800+02a0): 022a2023
000002a4 (0x00400800+02a4): 021a0f03
000002a8 (0x00400800+02a8): f8000e93
000002ac (0x00400800+02ac): 01df4e33
000002b0 (0x00400800+02b0): 07cfa023
000002b4 (0x00400800+02b4): aa7fc137
000002b8 (0x00400800+02b8): bcc10113
000002bc (0x00400800+02bc): 022a2223
000002c0 (0x00400800+02c0): 026a0f03
000002c4 (0x00400800+02c4): 07f00e93
000002c8 (0x00400800+02c8): 01df4e33
000002cc (0x00400800+02cc): 07cfa223
000002d0 (0x00400800+02d0): 91aac137
000002d4 (0x00400800+02d4): bcc10113
000002d8 (0x00400800+02d8): 022a2423
000002dc (0x00400800+02dc): 02ba0f03
000002e0 (0x00400800+02e0): f9100e93
000002e4 (0x00400800+02e4): 01df4e33
000002e8 (0x00400800+02e8): 07cfa423
000002ec (0x00400800+02ec): aabb8137
000002f0 (0x00400800+02f0): 0cc10113
000002f4 (0x00400800+02f4): 022a2623
000002f8 (0x00400800+02f8): 02da4f03
000002fc (0x00400800+02fc): 08000e93
00000300 (0x00400800+0300): 01df4e33
00000304 (0x00400800+0304): 07cfa623
00000308 (0x00400800+0308): 91aac137
0000030c (0x00400800+030c): bcc10113
00000310 (0x00400800+0310): 022a2823
00000314 (0x00400800+0314): 033a4f03
00000318 (0x00400800+0318): 09100e93
0000031c (0x00400800+031c): 01df4e33
00000320 (0x00400800+0320): 07cfa823
00000324 (0x00400800+0324): 8765b137
00000328 (0x00400800+0328): bcd10113
0000032c (0x00400800+032c): 022a2a23
00000330 (0x00400800+0330): 036a1f03
00000334 (0x00400800+0334): ffff8eb7
00000338 (0x00400800+0338): 765e8e93
0000033c (0x00400800+033c): 01df4e33
00000340 (0x00400800+0340): 07cfaa23
00000344 (0x00400800+0344): 8765b137
00000348 (0x00400800+0348): bcd10113
0000034c (0x00400800+034c): 022a2c23
00000350 (0x00400800+0350): 03aa5f03
00000354 (0x00400800+0354): 00008eb7
00000358 (0x00400800+0358): 765e8e93
0000035c (0x00400800+035c): 01df4e33
00000360 (0x00400800+0360): 07cfac23
00000364 (0x00400800+0364): fff00113
00000368 (0x00400800+0368): 002a2a23
0000036c (0x00400800+036c): cafec137
00000370 (0x00400800+0370): abe10113
00000374 (0x00400800+0374): 002a2a23
00000378 (0x00400800+0378): 014a2f03
0000037c (0x00400800+037c): cafeceb7
00000380 (0x00400800+0380): abee8e93
00000384 (0x00400800+0384): 01df4e33
00000388 (0x00400800+0388): 07cfae23
0000038c (0x00400800+038c): fff00113
00000390 (0x00400800+0390): 002a2c23
00000394 (0x00400800+0394): 0000b137
00000398 (0x00400800+0398): bcd10113
0000039c (0x00400800+039c): 002a1c23
000003a0 (0x00400800+03a0): 018a5f03
000003a4 (0x00400800+03a4): 0000beb7
000003a8 (0x00400800+03a8): bcde8e93
000003ac (0x00400800+03ac): 01df4e33
000003b0 (0x00400800+03b0): 09cfa023
000003b4 (0x00400800+03b4): fff00113
000003b8 (0x00400800+03b8): 002a2e23
000003bc (0x00400800+03bc): 0ef00113
000003c0 (0x00400800+03c0): 002a0e23
000003c4 (0x00400800+03c4): 01ca4f03
000003c8 (0x00400800+03c8): 0ef00e93
000003cc (0x00400800+03cc): 01df4e33
000003d0 (0x00400800+03d0): 09cfa223
000003d4 (0x00400800+03d4): fff00113
000003d8 (0x00400800+03d8): 042a2023
000003dc (0x00400800+03dc): 05a00113
000003e0 (0x00400800+03e0): 042a00a3
000003e4 (0x00400800+03e4): 041a4f03
000003e8 (0x00400800+03e8): 05a00e93
000003ec (0x00400800+03ec): 01df4e33
000003f0 (0x00400800+03f0): 09cfa423
000003f4 (0x00400800+03f4): fff00113
000003f8 (0x00400800+03f8): 042a2223
000003fc (0x00400800+03fc): 0a500113
00000400 (0x00400800+0400): 042a0323
00000404 (0x00400800+0404): 046a4f03
00000408 (0x00400800+0408): 0a500e93
0000040c (0x00400800+040c): 01df4e33
00000410 (0x00400800+0410): 09cfa623
00000414 (0x00400800+0414): fff00113
00000418 (0x00400800+0418): 042a2423
0000041c (0x00400800+041c): 03c00113
00000420 (0x00400800+0420): 042a05a3
00000424 (0x00400800+0424): 04ba4f03
00000428 (0x00400800+0428): 03c00e93
0000042c (0x00400800+042c): 01df4e33
00000430 (0x00400800+0430): 09cfa823
00000434 (0x00400800+0434): fff00113
00000438 (0x00400800+0438): 042a2623
0000043c (0x00400800+043c): 00001137
00000440 (0x00400800+0440): 23410113
00000444 (0x00400800+0444): 042a1723
00000448 (0x00400800+0448): 04ea5f03
0000044c (0x00400800+044c): 00001eb7
00000450 (0x00400800+0450): 234e8e93
00000454 (0x00400800+0454): 01df4e33
00000458 (0x00400800+0458): 09cfaa23
0000045c (0x00400800+045c): 00700093
00000460 (0x00400800+0460): 00700113
00000464 (0x00400800+0464): 00000f13
00000468 (0x00400800+0468): 00208463
0000046c (0x00400800+046c): 00100f13
00000470 (0x00400800+0470): 00000e93
00000474 (0x00400800+0474): 01df4e33
00000478 (0x00400800+0478): 09cfac23
0000047c (0x00400800+047c): 00700093
00000480 (0x00400800+0480): 00800113
00000484 (0x00400800+0484): 00000f13
00000488 (0x00400800+0488): 00208463
0000048c (0x00400800+048c): 00100f13
00000490 (0x00400800+0490): 00100e93
00000494 (0x00400800+0494): 01df4e33
00000498 (0x00400800+0498): 09cfae23
0000049c (0x00400800+049c): 00700093
000004a0 (0x00400800+04a0): 00800113
000004a4 (0x00400800+04a4): 00000f13
000004a8 (0x00400800+04a8): 00209463
000004ac (0x00400800+04ac): 00100f13
000004b0 (0x00400800+04b0): 00000e93
000004b4 (0x00400800+04b4): 01df4e33
000004b8 (0x00400800+04b8): 0bcfa023
000004bc (0x00400800+04bc): 00700093
000004c0 (0x00400800+04c0): 00700113
000004c4 (0x00400800+04c4): 00000f13
000004c8 (0x00400800+04c8): 00209463
000004cc (0x00400800+04cc): 00100f13
000004d0 (0x00400800+04d0): 00100e93
000004d4 (0x00400800+04d4): 01df4e33
000004d8 (0x00400800+04d8): 0bcfa223
000004dc (0x00400800+04dc): 800000b7
000004e0 (0x00400800+04e0): 00008093
000004e4 (0x00400800+04e4): 80000137
000004e8 (0x00400800+04e8): fff10113
000004ec (0x00400800+04ec): 00000f13
000004f0 (0x00400800+04f0): 0020c463
000004f4 (0x00400800+04f4): 00100f13
000004f8 (0x00400800+04f8): 00000e93
000004fc (0x00400800+04fc): 01df4e33
00000500 (0x00400800+0500): 0bcfa423
00000504 (0x00400800+0504): 800000b7
00000508 (0x00400800+0508): fff08093
0000050c (0x00400800+050c): 80000137
00000510 (0x00400800+0510): 00010113
00000514 (0x00400800+0514): 00000f13
00000518 (0x00400800+0518): 0020c463
0000051c (0x00400800+051c): 00100f13
00000520 (0x00400800+0520): 00100e93
00000524 (0x00400800+0524): 01df4e33
00000528 (0x00400800+0528): 0bcfa623
0000052c (0x00400800+052c): 800000b7
00000530 (0x00400800+0530): fff08093
00000534 (0x00400800+0534): 80000137
00000538 (0x00400800+0538): 00010113
0000053c (0x00400800+053c): 00000f13
00000540 (0x00400800+0540): 0020d463
00000544 (0x00400800+0544): 00100f13
00000548 (0x00400800+0548): 00000e93
0000054c (0x00400800+054c): 01df4e33
00000550 (0x00400800+0550): 0bcfa823
00000554 (0x00400800+0554): 800000b7
00000558 (0x00400800+0558): 00008093
0000055c (0x00400800+055c): 80000137
00000560 (0x00400800+0560): fff10113
00000564 (0x00400800+0564): 00000f13
00000568 (0x00400800+0568): 0020d463
0000056c (0x00400800+056c): 00100f13
00000570 (0x00400800+0570): 00100e93
00000574 (0x00400800+0574): 01df4e33
00000578 (0x00400800+0578): 0bcfaa23
0000057c (0x00400800+057c): 800000b7
00000580 (0x00400800+0580): fff08093
00000584 (0x00400800+0584): 80000137
00000588 (0x00400800+0588): 00010113
0000058c (0x00400800+058c): 00000f13
00000590 (0x00400800+0590): 0020e463
00000594 (0x00400800+0594): 00100f13
00000598 (0x00400800+0598): 00000e93
0000059c (0x00400800+059c): 01df4e33
000005a0 (0x00400800+05a0): 0bcfac23
000005a4 (0x00400800+05a4): 800000b7
000005a8 (0x00400800+05a8): 00008093
000005ac (0x00400800+05ac): 80000137
000005b0 (0x00400800+05b0): fff10113
000005b4 (0x00400800+05b4): 00000f13
000005b8 (0x00400800+05b8): 0020e463
000005bc (0x00400800+05bc): 00100f13
000005c0 (0x00400800+05c0): 00100e93
000005c4 (0x00400800+05c4): 01df4e33
000005c8 (0x00400800+05c8): 0bcfae23
000005cc (0x00400800+05cc): 800000b7
000005d0 (0x00400800+05d0): 00008093
000005d4 (0x00400800+05d4): 80000137
000005d8 (0x00400800+05d8): fff10113
000005dc (0x00400800+05dc): 00000f13
000005e0 (0x00400800+05e0): 0020f463
000005e4 (0x00400800+05e4): 00100f13
000005e8 (0x00400800+05e8): 00000e93
000005ec (0x00400800+05ec): 01df4e33
000005f0 (0x00400800+05f0): 0dcfa023
000005f4 (0x00400800+05f4): 800000b7
000005f8 (0x00400800+05f8): fff08093
000005fc (0x00400800+05fc): 80000137
00000600 (0x00400800+0600): 00010113
00000604 (0x00400800+0604): 00000f13
00000608 (0x00400800+0608): 0020f463
0000060c (0x00400800+060c): 00100f13
00000610 (0x00400800+0610): 00100e93
00000614 (0x00400800+0614): 01df4e33
00000618 (0x00400800+0618): 0dcfa223
0000061c (0x00400800+061c): 12345f37
00000620 (0x00400800+0620): 12345eb7
00000624 (0x00400800+0624): 000e8e93
00000628 (0x00400800+0628): 01df4e33
0000062c (0x00400800+062c): 0dcfa423
00000630 (0x00400800+0630): 0001e0b7
00000634 (0x00400800+0634): 24008093
00000638 (0x00400800+0638): 00002137
0000063c (0x00400800+063c): a8510113
00000640 (0x00400800+0640): 02208f33
00000644 (0x00400800+0644): 31f51eb7
00000648 (0x00400800+0648): b40e8e93
0000064c (0x00400800+064c): 01df4e33
00000650 (0x00400800+0650): 0dcfa623
00000654 (0x00400800+0654): 800000b7
00000658 (0x00400800+0658): 00008093
0000065c (0x00400800+065c): 80000137
00000660 (0x00400800+0660): 00010113
00000664 (0x00400800+0664): 02209f33
00000668 (0x00400800+0668): 40000eb7
0000066c (0x00400800+066c): 000e8e93
00000670 (0x00400800+0670): 01df4e33
00000674 (0x00400800+0674): 0dcfa823
00000678 (0x00400800+0678): ffe00093
0000067c (0x00400800+067c): fff00113
00000680 (0x00400800+0680): 0220af33
00000684 (0x00400800+0684): ffe00e93
00000688 (0x00400800+0688): 01df4e33
0000068c (0x00400800+068c): 0dcfaa23
00000690 (0x00400800+0690): fff00093
00000694 (0x00400800+0694): fff00113
00000698 (0x00400800+0698): 0220bf33
0000069c (0x00400800+069c): ffe00e93
000006a0 (0x00400800+06a0): 01df4e33
000006a4 (0x00400800+06a4): 0dcfac23
000006a8 (0x00400800+06a8): 06100093
000006ac (0x00400800+06ac): 00010137
000006b0 (0x00400800+06b0): fff10113
000006b4 (0x00400800+06b4): 80208f33
000006b8 (0x00400800+06b8): 0000aeb7
000006bc (0x00400800+06bc): d77e8e93
000006c0 (0x00400800+06c0): 01df4e33
000006c4 (0x00400800+06c4): 0dcfae23
000006c8 (0x00400800+06c8): 000060b7
000006cc (0x00400800+06cc): 16208093
000006d0 (0x00400800+06d0): 00010137
000006d4 (0x00400800+06d4): fff10113
000006d8 (0x00400800+06d8): 80209f33
000006dc (0x00400800+06dc): 00007eb7
000006e0 (0x00400800+06e0): 9f0e8e93
000006e4 (0x00400800+06e4): 01df4e33
000006e8 (0x00400800+06e8): 0fcfa023
000006ec (0x00400800+06ec): 616260b7
000006f0 (0x00400800+06f0): 36408093
000006f4 (0x00400800+06f4): 00010137
000006f8 (0x00400800+06f8): fff10113
000006fc (0x00400800+06fc): 8020af33
00000700 (0x00400800+0700): 00003eb7
00000704 (0x00400800+0704): cf6e8e93
00000708 (0x00400800+0708): 01df4e33
0000070c (0x00400800+070c): 0fcfa223
00000710 (0x00400800+0710): 0080036f
00000714 (0x00400800+0714): 00100393
00000718 (0x00400800+0718): 00100413
0000071c (0x00400800+071c): 00000517
00000720 (0x00400800+0720): 01450513
00000724 (0x00400800+0724): 000504e7
00000728 (0x00400800+0728): 00100593
0000072c (0x00400800+072c): 00c0006f
00000730 (0x00400800+0730): 00100613
00000734 (0x00400800+0734): 00048067
00000738 (0x00400800+0738): 00100693
0000073c (0x00400800+073c): 00005717
00000740 (0x00400800+0740): 07700793
00000744 (0x00400800+0744): 0000000f
00000748 (0x00400800+0748): 00078813
0000074c (0x00400800+074c): 08800893
00000750 (0x00400800+0750): 00100073
00000754 (0x00400800+0754): 00088913
00000758 (0x00400800+0758): 00000a97
0000075c (0x00400800+075c): 00caab03
00000760 (0x00400800+0760): 0080006f
00000764 (0x00400800+0764): cafebabe
00000768 (0x00400800+0768): 00100b93
0000076c (0x00400800+076c): 00000c13
00000770 (0x00400800+0770): 00100c93
00000774 (0x00400800+0774): 00600d13
00000778 (0x00400800+0778): 019c0c33
0000077c (0x00400800+077c): 001c8c93
00000780 (0x00400800+0780): ffaccce3
00000784 (0x00400800+0784): 00100d93
00000788 (0x00400800+0788): 00000073

Labels:
  br_BEQ: 00400c70
  br_BEQ_NT: 00400c90
  br_BNE: 00400cb0
  br_BNE_NT: 00400cd0
  br_BLT: 00400cf8
  br_BLT_NT: 00400d20
  br_BGE: 00400d48
  br_BGE_NT: 00400d70
  br_BLTU: 00400d98
  br_BLTU_NT: 00400dc0
  br_BGEU: 00400de8
  br_BGEU_NT: 00400e10
  jal_target: 00400f18
  jalr_link: 00400f28
  jalr_target: 00400f30
  after_jalr: 00400f38
  auipc_site: 00400f3c
  imem_load_site: 00400f58
  imem_const_skip: 00400f68
  dep_loop: 00400f78
