
19. Executing CHECK pass (checking for obvious problems).
Checking module top...
Checking module address_decoder...
Checking module $paramod\dmem\DMEM_WORDS=s32'00000000000000000000000000001000...
Checking module ir_fields...
Checking module immediate_generator...
Checking module register_file...
Checking module mux2_32...
Checking module branch_comparator...
Checking module alu...
Checking module multiplier...
Checking module crc_unit...
Checking module lsu...
Checking module wb_mux_32...
Checking module ir_reg...
Checking module pc_reg...
Checking module control_unit...
Checking module imem...
Checking module pc_incrementer...
Found and reported 0 problems.
