Partial/Required:  4.19, Required:    400.0, Partial:  1675.17, Net: _09858_, Pin: _21587_/B, Layer: met3
Partial/Required:  2.96, Required:    400.0, Partial:  1184.56, Net: _04237_, Pin: _24194_/A, Layer: met1
Partial/Required:  2.70, Required:    400.0, Partial:  1080.49, Net: _05933_, Pin: _26299_/A, Layer: met3
Partial/Required:  2.50, Required:    400.0, Partial:  1001.57, Net: _13610_, Pin: _20827_/B, Layer: met3
Partial/Required:  2.30, Required:    400.0, Partial:   920.38, Net: _07229_, Pin: _15440_/A, Layer: met3
Partial/Required:  1.93, Required:    400.0, Partial:   772.91, Net: _08596_, Pin: _22754_/A1, Layer: met4
Partial/Required:  1.93, Required:    400.0, Partial:   772.91, Net: _08596_, Pin: _22057_/A1, Layer: met4
Partial/Required:  1.89, Required:    400.0, Partial:   757.89, Net: net36, Pin: _20913_/C, Layer: met1
Partial/Required:  1.85, Required:    400.0, Partial:   741.04, Net: _07768_, Pin: _21695_/A1, Layer: met3
Partial/Required:  1.82, Required:    400.0, Partial:   728.31, Net: _08596_, Pin: _22754_/A1, Layer: met3
Partial/Required:  1.71, Required:    400.0, Partial:   682.92, Net: _10378_, Pin: _17915_/C, Layer: met3
Partial/Required:  1.59, Required:    400.0, Partial:   634.41, Net: _07740_, Pin: _25225_/B, Layer: met3
Partial/Required:  1.53, Required:    400.0, Partial:   612.19, Net: _08570_, Pin: _20201_/A, Layer: met3
Partial/Required:  1.51, Required:    400.0, Partial:    604.9, Net: _08270_, Pin: _26985_/A1, Layer: met3
Partial/Required:  1.50, Required:    400.0, Partial:   598.88, Net: net44, Pin: _17139_/B, Layer: met2
Partial/Required:  1.50, Required:    400.0, Partial:   598.88, Net: net44, Pin: _17119_/A0, Layer: met2
Partial/Required:  1.43, Required:    400.0, Partial:   573.82, Net: _08597_, Pin: _26961_/A1_N, Layer: met3
Partial/Required:  1.43, Required:    400.0, Partial:   573.82, Net: _08597_, Pin: _15814_/B1, Layer: met3
Partial/Required:  1.41, Required:    400.0, Partial:   562.83, Net: _08320_, Pin: _21822_/B, Layer: met3
Partial/Required:  1.41, Required:    400.0, Partial:   562.83, Net: _08320_, Pin: _15537_/A, Layer: met3
Partial/Required:  1.32, Required:    400.0, Partial:   529.67, Net: net36, Pin: _20769_/C, Layer: met2
Partial/Required:  1.32, Required:    400.0, Partial:   529.67, Net: net36, Pin: _20913_/C, Layer: met2
Partial/Required:  1.31, Required:   3400.4, Partial:  4442.29, Net: _09981_, Pin: _21530_/C, Layer: met3
Partial/Required:  1.30, Required:    400.0, Partial:   518.79, Net: _08573_, Pin: _25331_/A, Layer: met3
Partial/Required:  1.30, Required:    400.0, Partial:   518.79, Net: _08573_, Pin: _25156_/A, Layer: met3
Partial/Required:  1.30, Required:    400.0, Partial:   518.79, Net: _08573_, Pin: _25157_/A, Layer: met3
Partial/Required:  1.28, Required:    400.0, Partial:    513.3, Net: _05583_, Pin: _26583_/A, Layer: met4
Partial/Required:  1.28, Required:    400.0, Partial:    513.3, Net: _05583_, Pin: _26147_/A, Layer: met4
Partial/Required:  1.28, Required:    400.0, Partial:    513.3, Net: _05583_, Pin: _25551_/A, Layer: met4
Partial/Required:  1.28, Required:    400.0, Partial:    513.3, Net: _05583_, Pin: _28213_/A1, Layer: met4
Partial/Required:  1.28, Required:    400.0, Partial:   513.13, Net: _13747_, Pin: _20980_/A, Layer: met4
Partial/Required:  1.28, Required:    400.0, Partial:   513.13, Net: _13747_, Pin: _21114_/B, Layer: met4
Partial/Required:  1.27, Required:    400.0, Partial:   507.24, Net: _07761_, Pin: _25136_/B, Layer: met3
Partial/Required:  1.27, Required:    400.0, Partial:   507.24, Net: _07761_, Pin: _22667_/A1, Layer: met3
Partial/Required:  1.24, Required:    400.0, Partial:   495.81, Net: _11622_, Pin: _18839_/A1, Layer: met3
Partial/Required:  1.24, Required:    400.0, Partial:   495.81, Net: _11622_, Pin: _21774_/B2, Layer: met3
Partial/Required:  1.24, Required:    400.0, Partial:   494.48, Net: _07641_, Pin: _14858_/A, Layer: met3
Partial/Required:  1.24, Required:    400.0, Partial:   494.48, Net: _07641_, Pin: wire45/A, Layer: met3
Partial/Required:  1.23, Required:    400.0, Partial:    490.1, Net: _07253_, Pin: _14907_/S, Layer: met3
Partial/Required:  1.21, Required:    400.0, Partial:   484.97, Net: _09981_, Pin: _17261_/A, Layer: met3
Partial/Required:  1.21, Required:    400.0, Partial:   484.97, Net: _09981_, Pin: _17199_/B, Layer: met3
Partial/Required:  1.19, Required:    400.0, Partial:   476.78, Net: _10240_, Pin: _17457_/C, Layer: met1
Partial/Required:  1.19, Required:    400.0, Partial:   476.44, Net: _10447_, Pin: _25505_/A, Layer: met1
Partial/Required:  1.19, Required:    400.0, Partial:    476.0, Net: _07029_, Pin: _14258_/S, Layer: met2
Partial/Required:  1.19, Required:    400.0, Partial:   474.76, Net: _11622_, Pin: _25590_/A1, Layer: met3
Partial/Required:  1.19, Required:    400.0, Partial:   474.76, Net: _11622_, Pin: _25589_/A1, Layer: met3
Partial/Required:  1.14, Required:    400.0, Partial:   455.92, Net: _07312_, Pin: _23277_/A2, Layer: met3
Partial/Required:  1.13, Required:    400.0, Partial:   451.26, Net: _11373_, Pin: _18590_/B, Layer: met3
Partial/Required:  1.12, Required:    400.0, Partial:   448.87, Net: _08056_, Pin: _19547_/B, Layer: met3
Partial/Required:  1.12, Required:    400.0, Partial:   448.87, Net: _08056_, Pin: _19325_/B, Layer: met3
Partial/Required:  1.09, Required:    400.0, Partial:   434.49, Net: net42, Pin: _17088_/A0, Layer: met3
Partial/Required:  1.08, Required:    400.0, Partial:   430.47, Net: _06446_, Pin: _27409_/A, Layer: met2
Partial/Required:  1.08, Required:    400.0, Partial:   430.47, Net: _06446_, Pin: _27403_/A, Layer: met2
Partial/Required:  1.07, Required:    400.0, Partial:   427.05, Net: _08056_, Pin: _21091_/B, Layer: met3
Partial/Required:  1.07, Required:    400.0, Partial:   427.05, Net: _08056_, Pin: _22207_/A2, Layer: met3
Partial/Required:  1.06, Required:    400.0, Partial:   424.66, Net: _10352_, Pin: wire27/A, Layer: met3
Partial/Required:  1.06, Required:    400.0, Partial:   424.08, Net: _07715_, Pin: _21082_/B, Layer: met3
Partial/Required:  1.04, Required:    400.0, Partial:    414.1, Net: _07626_, Pin: _14850_/A, Layer: met3
Partial/Required:  1.02, Required:    400.0, Partial:   408.01, Net: _13662_, Pin: _20879_/B, Layer: met4
Partial/Required:  1.02, Required:    400.0, Partial:   408.01, Net: _13662_, Pin: _21001_/B_N, Layer: met4
Partial/Required:  1.02, Required:    400.0, Partial:   407.87, Net: _07248_, Pin: _17855_/A, Layer: met3
Partial/Required:  1.02, Required:    400.0, Partial:   407.87, Net: _07248_, Pin: _18968_/A, Layer: met3
Partial/Required:  1.02, Required:    400.0, Partial:   407.87, Net: _07248_, Pin: _17415_/A, Layer: met3
Partial/Required:  1.02, Required:    400.0, Partial:   407.87, Net: _07248_, Pin: _15463_/A, Layer: met3
Partial/Required:  1.01, Required:    400.0, Partial:   403.68, Net: _09784_, Pin: _28070_/A, Layer: met3
Partial/Required:  1.01, Required:    400.0, Partial:   402.27, Net: _08145_, Pin: _20342_/B, Layer: met3
Partial/Required:  1.01, Required:    400.0, Partial:   402.27, Net: _08145_, Pin: _20403_/A2, Layer: met3
Partial/Required:  1.01, Required:    400.0, Partial:   402.27, Net: _08145_, Pin: _22002_/C, Layer: met3
Partial/Required:  1.00, Required:    400.0, Partial:   400.55, Net: _07295_, Pin: _14512_/B1, Layer: met3
