Partial/Required:  8.69, Required:    400.0, Partial:  3477.84, Net: _12139_, Pin: _20170_/B, Layer: met3
Partial/Required:  5.19, Required:    400.0, Partial:  2077.08, Net: _12602_, Pin: _23327_/A, Layer: met3
Partial/Required:  3.51, Required:    400.0, Partial:  1405.16, Net: _13151_, Pin: _20365_/B, Layer: met4
Partial/Required:  2.94, Required:    400.0, Partial:  1175.87, Net: _10258_, Pin: _23747_/D, Layer: met3
Partial/Required:  2.93, Required:    400.0, Partial:  1172.43, Net: _10399_, Pin: _21992_/A, Layer: met3
Partial/Required:  2.58, Required:    400.0, Partial:  1030.34, Net: _05024_, Pin: _27173_/A, Layer: met3
Partial/Required:  2.31, Required:    400.0, Partial:   923.56, Net: _09759_, Pin: _22944_/A, Layer: met3
Partial/Required:  2.10, Required:    400.0, Partial:   840.66, Net: _10505_, Pin: _20223_/A1, Layer: met3
Partial/Required:  2.09, Required:    400.0, Partial:   835.91, Net: _10591_, Pin: _19372_/A, Layer: met3
Partial/Required:  2.08, Required:    400.0, Partial:   830.59, Net: _02682_, Pin: _24821_/B, Layer: met3
Partial/Required:  2.08, Required:    400.0, Partial:   830.59, Net: _02682_, Pin: _24822_/B, Layer: met3
Partial/Required:  2.07, Required:    400.0, Partial:   827.17, Net: _12436_, Pin: _22109_/B, Layer: met3
Partial/Required:  2.01, Required:    400.0, Partial:   805.78, Net: _03850_, Pin: _30537_/A, Layer: met3
Partial/Required:  2.00, Required:    400.0, Partial:   798.48, Net: _09275_, Pin: _17568_/A, Layer: met3
Partial/Required:  1.81, Required:    400.0, Partial:   725.17, Net: _04798_, Pin: _26946_/A, Layer: met4
Partial/Required:  1.81, Required:    400.0, Partial:   725.17, Net: _04798_, Pin: _30980_/A, Layer: met4
Partial/Required:  1.81, Required:    400.0, Partial:   725.17, Net: _04798_, Pin: _32616_/A1, Layer: met4
Partial/Required:  1.81, Required:    400.0, Partial:   725.17, Net: _04798_, Pin: _30545_/A, Layer: met4
Partial/Required:  1.79, Required:    400.0, Partial:   714.92, Net: _10105_, Pin: _17968_/S1, Layer: met3
Partial/Required:  1.77, Required:    400.0, Partial:   707.56, Net: _07029_, Pin: _29477_/B_N, Layer: met1
Partial/Required:  1.73, Required:    400.0, Partial:   693.53, Net: _12955_, Pin: _22566_/B, Layer: met3
Partial/Required:  1.67, Required:    400.0, Partial:   666.44, Net: _06411_, Pin: _28566_/A2, Layer: met3
Partial/Required:  1.60, Required:    400.0, Partial:    641.4, Net: _10130_, Pin: _17344_/S, Layer: met3
Partial/Required:  1.55, Required:    400.0, Partial:   620.93, Net: _07995_, Pin: _30222_/A, Layer: met3
Partial/Required:  1.53, Required:    400.0, Partial:   611.33, Net: _09299_, Pin: _17823_/B1_N, Layer: met2
Partial/Required:  1.52, Required:    400.0, Partial:   609.53, Net: _03850_, Pin: _25994_/A, Layer: met4
Partial/Required:  1.52, Required:    400.0, Partial:   609.53, Net: _03850_, Pin: _32612_/A1, Layer: met4
Partial/Required:  1.52, Required:    400.0, Partial:   609.53, Net: _03850_, Pin: _30972_/A, Layer: met4
Partial/Required:  1.52, Required:    400.0, Partial:   609.53, Net: _03850_, Pin: _30537_/A, Layer: met4
Partial/Required:  1.49, Required:    400.0, Partial:   597.84, Net: _10295_, Pin: _18012_/S1, Layer: met3
Partial/Required:  1.48, Required:    400.0, Partial:   593.11, Net: _05783_, Pin: _27936_/B1, Layer: met1
Partial/Required:  1.45, Required:    400.0, Partial:   579.33, Net: _11788_, Pin: _23096_/A, Layer: met2
Partial/Required:  1.45, Required:    400.0, Partial:   579.11, Net: _07727_, Pin: _30112_/B, Layer: met1
Partial/Required:  1.44, Required:    400.0, Partial:    577.9, Net: _09317_, Pin: _16746_/S0, Layer: met3
Partial/Required:  1.44, Required:    400.0, Partial:   577.77, Net: _08122_, Pin: _30713_/A, Layer: met3
Partial/Required:  1.44, Required:    400.0, Partial:   577.77, Net: _08122_, Pin: _30701_/A, Layer: met3
Partial/Required:  1.44, Required:    400.0, Partial:   577.65, Net: _02816_, Pin: _32189_/A1_N, Layer: met3
Partial/Required:  1.44, Required:    400.0, Partial:   577.33, Net: _08274_, Pin: _32005_/A0, Layer: met1
Partial/Required:  1.44, Required:    400.0, Partial:   575.16, Net: _06177_, Pin: _28331_/A2, Layer: met3
Partial/Required:  1.40, Required:    400.0, Partial:   559.49, Net: _02816_, Pin: _32182_/A, Layer: met3
Partial/Required:  1.36, Required:    400.0, Partial:   543.61, Net: _07997_, Pin: _30224_/A, Layer: met3
Partial/Required:  1.35, Required:    400.0, Partial:   539.67, Net: _12159_, Pin: _19374_/A_N, Layer: met1
Partial/Required:  1.32, Required:    400.0, Partial:    527.9, Net: _10485_, Pin: _32210_/B1, Layer: met3
Partial/Required:  1.32, Required:    400.0, Partial:    527.9, Net: _10485_, Pin: _22779_/B, Layer: met3
Partial/Required:  1.30, Required:    400.0, Partial:   518.93, Net: _10118_, Pin: _24976_/B, Layer: met2
Partial/Required:  1.28, Required:    400.0, Partial:   512.08, Net: _09291_, Pin: _17939_/S0, Layer: met3
Partial/Required:  1.28, Required:    400.0, Partial:   511.19, Net: _09522_, Pin: _31177_/A1_N, Layer: met3
Partial/Required:  1.28, Required:    400.0, Partial:   511.19, Net: _09522_, Pin: _16736_/B1, Layer: met3
Partial/Required:  1.27, Required:    400.0, Partial:   506.33, Net: _10372_, Pin: _21622_/A, Layer: met1
Partial/Required:  1.25, Required:    400.0, Partial:   498.09, Net: _10595_, Pin: _24099_/A, Layer: met2
Partial/Required:  1.22, Required:    400.0, Partial:    489.9, Net: _14703_, Pin: _24686_/B, Layer: met3
Partial/Required:  1.22, Required:    400.0, Partial:    489.9, Net: _14703_, Pin: _26398_/C, Layer: met3
Partial/Required:  1.22, Required:    400.0, Partial:    489.9, Net: _14703_, Pin: _26166_/C, Layer: met3
Partial/Required:  1.22, Required:    400.0, Partial:    489.9, Net: _14703_, Pin: _26387_/D, Layer: met3
Partial/Required:  1.21, Required:    400.0, Partial:   484.67, Net: _15142_, Pin: _22357_/B, Layer: met1
Partial/Required:  1.21, Required:    400.0, Partial:   482.58, Net: _16063_, Pin: _30087_/A1, Layer: met2
Partial/Required:  1.21, Required:    400.0, Partial:   482.58, Net: _16063_, Pin: _28034_/A1, Layer: met2
Partial/Required:  1.21, Required:    400.0, Partial:   482.22, Net: _12338_, Pin: _24467_/B, Layer: met2
Partial/Required:  1.20, Required:    400.0, Partial:   481.27, Net: _10170_, Pin: _17384_/S1, Layer: met3
Partial/Required:  1.19, Required:    400.0, Partial:   474.11, Net: blk3658_25.ir\[9\], Pin: _16415_/C, Layer: met2
Partial/Required:  1.18, Required:    400.0, Partial:   471.94, Net: _16037_, Pin: _23255_/A, Layer: met3
Partial/Required:  1.18, Required:    400.0, Partial:   471.94, Net: _16037_, Pin: _23373_/A, Layer: met3
Partial/Required:  1.17, Required:    400.0, Partial:   469.01, Net: _10885_, Pin: _22776_/B, Layer: met3
Partial/Required:  1.16, Required:    400.0, Partial:   465.39, Net: _09762_, Pin: _22088_/B, Layer: met3
Partial/Required:  1.16, Required:    400.0, Partial:   463.49, Net: _09259_, Pin: _17928_/S1, Layer: met3
Partial/Required:  1.14, Required:    400.0, Partial:    457.4, Net: _10057_, Pin: _17467_/S1, Layer: met3
Partial/Required:  1.14, Required:    400.0, Partial:    457.4, Net: _10057_, Pin: _17857_/S1, Layer: met3
Partial/Required:  1.13, Required:    400.0, Partial:   452.72, Net: _12965_, Pin: _20179_/B, Layer: met2
Partial/Required:  1.09, Required:    400.0, Partial:   436.66, Net: _09351_, Pin: _16877_/S1, Layer: met3
Partial/Required:  1.09, Required:    400.0, Partial:   436.66, Net: _09351_, Pin: _17005_/S1, Layer: met3
Partial/Required:  1.09, Required:    400.0, Partial:   436.66, Net: _09351_, Pin: _17006_/S1, Layer: met3
Partial/Required:  1.09, Required:    400.0, Partial:   436.23, Net: _08005_, Pin: _30300_/B1, Layer: met3
Partial/Required:  1.08, Required:    400.0, Partial:   432.96, Net: _10818_, Pin: _23099_/A, Layer: met3
Partial/Required:  1.08, Required:    400.0, Partial:   432.96, Net: _10818_, Pin: _24970_/A2, Layer: met3
Partial/Required:  1.08, Required:    400.0, Partial:   430.44, Net: blk3657_14.funct3\[1\], Pin: _16390_/B, Layer: met2
Partial/Required:  1.08, Required:    400.0, Partial:   430.44, Net: blk3657_14.funct3\[1\], Pin: _16391_/A_N, Layer: met2
Partial/Required:  1.07, Required:    400.0, Partial:   428.19, Net: _09394_, Pin: _16766_/S, Layer: met3
Partial/Required:  1.07, Required:    400.0, Partial:   428.15, Net: _10659_, Pin: _24212_/A1, Layer: met3
Partial/Required:  1.02, Required:    400.0, Partial:   409.65, Net: _09394_, Pin: _16984_/S, Layer: met4
Partial/Required:  1.02, Required:    400.0, Partial:   407.75, Net: _13217_, Pin: _20431_/B, Layer: met3
Partial/Required:  1.01, Required:    400.0, Partial:   405.01, Net: _04153_, Pin: _29392_/A1, Layer: met1
Partial/Required:  1.01, Required:    400.0, Partial:   403.32, Net: _15348_, Pin: _26389_/D, Layer: met3
Partial/Required:  1.01, Required:    400.0, Partial:   403.32, Net: _15348_, Pin: _28105_/C, Layer: met3
Partial/Required:  1.01, Required:    400.0, Partial:   403.32, Net: _15348_, Pin: _31141_/B2, Layer: met3
Partial/Required:  1.01, Required:    400.0, Partial:   403.32, Net: _15348_, Pin: _32242_/A2, Layer: met3
Partial/Required:  1.01, Required:    400.0, Partial:   403.32, Net: _15348_, Pin: _32169_/B, Layer: met3
Partial/Required:  1.00, Required:    400.0, Partial:    401.9, Net: _09956_, Pin: _24189_/C, Layer: met3
