00401400: f0000437
00401404: f10004b7
00401408: 10010937
0040140c: 00042f03
00401410: 00000e93
00401414: 01df4e33
00401418: 01c92023
0040141c: 00490913
00401420: 00842f03
00401424: 00000e93
00401428: 01df4e33
0040142c: 01c92023
00401430: 00490913
00401434: fff00293
00401438: 00542023
0040143c: 00042f03
00401440: 0ff00e93
00401444: 01df4e33
00401448: 01c92023
0040144c: 00490913
00401450: 00f00293
00401454: 00542423
00401458: 00842f03
0040145c: 00f00e93
00401460: 01df4e33
00401464: 01c92023
00401468: 00490913
0040146c: 00442f03
00401470: 0a000e93
00401474: 01df4e33
00401478: 01c92023
0040147c: 00490913
00401480: 00542223
00401484: 00842f03
00401488: 00f00e93
0040148c: 01df4e33
00401490: 01c92023
00401494: 00490913
00401498: 00542623
0040149c: 00c42f03
004014a0: 00000e93
004014a4: 01df4e33
004014a8: 01c92023
004014ac: 00490913
004014b0: 05a00293
004014b4: 005400a3
004014b8: 00042f03
004014bc: 0ff00e93
004014c0: 01df4e33
004014c4: 01c92023
004014c8: 00490913
004014cc: 00540023
004014d0: 00042f03
004014d4: 05a00e93
004014d8: 01df4e33
004014dc: 01c92023
004014e0: 00490913
004014e4: 03300293
004014e8: 00542123
004014ec: 00042f03
004014f0: 05a00e93
004014f4: 01df4e33
004014f8: 01c92023
004014fc: 00490913
00401500: f0000337
00401504: 01030313
00401508: 00532023
0040150c: 00032f03
00401510: 00042f83
00401514: 01ff4f33
00401518: 05a00e93
0040151c: 01df4e33
00401520: 01c92023
00401524: 00490913
00401528: f2000337
0040152c: 00032f03
00401530: 00000e93
00401534: 01df4e33
00401538: 01c92023
0040153c: 00490913
00401540: 0084af03
00401544: 00400e93
00401548: 01df4e33
0040154c: 01c92023
00401550: 00490913
00401554: 05500293
00401558: 0054a023
0040155c: 0004af03
00401560: 05500e93
00401564: 01df4e33
00401568: 01c92023
0040156c: 00490913
00401570: 00100293
00401574: 0054a423
00401578: 0084af03
0040157c: 00000e93
00401580: 01df4e33
00401584: 01c92023
00401588: 00490913
0040158c: 0084a283
00401590: 0042f293
00401594: fe028ce3
00401598: 0044af03
0040159c: 05500e93
004015a0: 01df4e33
004015a4: 01c92023
004015a8: 00490913
004015ac: 00200293
004015b0: 0054a423
004015b4: 0084af03
004015b8: 00600e93
004015bc: 01df4e33
004015c0: 01c92023
004015c4: 00490913
004015c8: 0a300293
004015cc: 0054a023
004015d0: 00300293
004015d4: 0054a423
004015d8: 0084af03
004015dc: 00200e93
004015e0: 01df4e33
004015e4: 01c92023
004015e8: 00490913
004015ec: 0084a283
004015f0: 0042f293
004015f4: fe028ce3
004015f8: 0044af03
004015fc: 0a300e93
00401600: 01df4e33
00401604: 01c92023
00401608: 00490913
0040160c: 000484a3
00401610: 0084af03
00401614: 00600e93
00401618: 01df4e33
0040161c: 01c92023
00401620: 00490913
00401624: 00048423
00401628: 0084af03
0040162c: 00400e93
00401630: 01df4e33
00401634: 01c92023
00401638: 00490913
0040163c: 00100293
00401640: 0054a523
00401644: 0084af03
00401648: 00400e93
0040164c: 01df4e33
00401650: 01c92023
00401654: 00490913
00401658: 0054a223
0040165c: 0044af03
00401660: 0a300e93
00401664: 01df4e33
00401668: 01c92023
0040166c: 00490913
00401670: 00c4af03
00401674: 00000e93
00401678: 01df4e33
0040167c: 01c92023
00401680: 00490913
00401684: 600dc2b7
00401688: 0de28293
0040168c: 00592023
00401690: 0000006f

Labels:
  _start: 00401400
  wait_tx1: 0040158c
  wait_tx2: 004015ec
  done: 00401690
